// Jest Snapshot v1, https://goo.gl/fbAQLP

exports[`App Check snapshot 1`] = `
<div
  class="app-wrap"
  id="app"
>
  <modalerror-stub />
   
  <modalsuccess-stub />
   
  <div
    class="wrap-content"
  >
    <nav-stub />
     
    <div
      class="grid-content"
    >
      <header-stub
        class="page-header"
      />
       
      <router-view-stub
        class="wrap-body-main-vox"
        name="default"
      />
    </div>
  </div>
</div>
`;
